---
layout: post
title: 移植u-boot-1.2.0到S3C2440
date: 2008-10-24 08:30:29
categories:
- 日志
tags:
- ARM
- Linux
---

移植过程：

1．修改Makefile 参考类似开发板 如smdk2410

    #添加NVN2440


    NVN2440_config  : unconfig
      @$(MKCONFIG) $(@:_config=) arm arm920t NVN2440 BH3NVN s 3c24x0

2．在board子目录中建立BH3NVN/NVN2440拷贝board/smdk2410中的文件到board/ BH3NVN/NVN2440修改文件名，把NVN2440目录下smdk2410改名为 NVN2440修改该目录下的Makefile 把smdk2410换成NVN2440

3．修改和时钟相关的函数speed.c  nvn2440.c 

4．修改启动函数start.S

5．在相关的函数添加宏定义defined(CONFIG_S3C2440)

6．Nor Flash 如果我没看错到目前为止网上还没有在  S3C2410或S3C2440上用SST39VF1601 的Flash的，大家都是AMD的那款1M的，甚至uboot都默认是AMD的。可是新的mini2440带的是2M的SST，所以要在Nor Flash跑uboot就必然要移植SST的驱动了。幸亏以前学习S3C44B0的时候那上边是用的SST39VF1601。凭经验动手，给u-boot\2440 u-boot\board\BH3NVN\NVN2440下的flash.c动了大手术。最后手术成功^_^

7．NAND 网上资料很多，移植的过程也很复杂，最后经过我修改，只需要修改u-boot\include\config\nvn2440.h 中的#define CONFIG_S3C2440_NAND_BOOT 1语句就可以实现nand 或nor flash启动。注销掉就是nor 启动，否则nand启动，同时，这两种启动方式都可以保存环境变量，nor启动的时候可以保存在nor或nand，nand启动的话只能保存在nand里边了，因为nand启动不会初始化nor Flash。

8．修改网卡驱动，修改网卡MAC地址错误和could not establish link错误。

    U-Boot 1.2.0 (Oct 23 2008 - 22:03:16)
     
    U-Boot code: 33F80000 -> 33F9C478  BSS: -> 33FA1044
    SDRAM:  64 MB----------------------------------SDRAM 内存
    Nor Flash:  2 MB
    NAND Flash:  Samsung K9F1208U0B64MB
    In:serial
    Out:   serial
    Err:   serial
    dm9000 i/o: 0x20000300, id: 0x90000a46---------------网口芯片DM9000
    MAC: 08:00:3e:26:0a:5b-----------------MAC地址
    Hit any key to stop autoboot:  0
    [NVN2440]# fl
     
    Bank # 1: SST SST39LF/VF161 (16 Mbit, uniform sector size)---Nor Flash
      Size: 2 MB in 32 Sectors
      Sector Start Addresses:
    00000000  00010000  00020000 E00030000 E00040000
    00050000 E00060000 E00070000 E00080000 E00090000 E
    000A0000 E000B0000 E000C0000 E000D0000 E000E0000 E
    000F0000 E00100000 E00110000 E00120000 E00130000 E
    00140000 E00150000 E00160000 E00170000 E00180000 E
    00190000 E001A0000 E001B0000 E001C0000 E001D0000 E
    001E0000 E001F0000 E
    [NVN2440]# tftp 30008000 uImage-------下载Linux镜像
    dm9000 i/o: 0x20000300, id: 0x90000a46
    MAC: 08:00:3e:26:0a:5b
    TFTP from server 192.168.1.100; our IP address is 192.168.1.36
    Filename 'uImage'.
    Load address: 0x30008000
    Loading: T #################################################################
     #################################################################
     #################################################################
     ##############################################
    done
    Bytes transferred = 1231668 (12cb34 hex)
    [NVN2440]# bootm
    ## Booting image at 30008000 ...
       Image Name:   Linux-2.6.26.5-------------------------Linux版本
       Created:  2008-10-23  13:11:21 UTC
       Image Type:   ARM Linux Kernel Image (uncompressed)
       Data Size:1231604 Bytes =  1.2 MB
       Load Address: 30008000
       Entry Point:  30008000
       Verifying Checksum ... OK
    OK
     
    Starting kernel ...
     
    Uncompressing Linux.............................................................
    ................... done, booting the kernel.
    Linux version 2.6.26.5 (root@localhost.localdomain) (gcc version 3.4.1) #6 Thu O
    ct 23 21:10:31 CST 2008
    CPU: ARM920T [41129200] revision 0 (ARMv4T), cr=c0007177--------v4t系列
    Machine: SMDK2440
    Memory policy: ECC disabled, Data cache writeback
    CPU S3C2440A (id 0x32440001)
    S3C244X: core 400.000 MHz, memory 100.000 MHz, peripheral 50.000 MHz---主频400兆
    S3C24XX Clocks, (c) 2004 Simtec Electronics
    CLOCK: Slow mode (1.500 MHz), fast, MPLL on, UPLL on
    ......
